[2026-07-12 09:42:52] Phoenix Engine Started Successfully
[2026-07-12 09:55:10] Phoenix Engine Started Successfully
[2026-07-12 09:55:10] Starting System Health Check...
[2026-07-12 09:55:10] OK: data
[2026-07-12 09:55:10] OK: logs
[2026-07-12 09:55:10] OK: backup
[2026-07-12 09:55:10] OK: reports
[2026-07-12 09:55:10] System Health Check Completed
[2026-07-12 10:06:52] Phoenix Engine Started Successfully
[2026-07-12 10:06:52] Starting System Health Check...
[2026-07-12 10:06:52] OK: data
[2026-07-12 10:06:52] OK: logs
[2026-07-12 10:06:52] OK: backup
[2026-07-12 10:06:52] OK: reports
[2026-07-12 10:06:52] System Health Check Completed
[2026-07-12 20:40:31] Phoenix Engine Started Successfully
[2026-07-12 20:40:31] Starting System Health Check...
[2026-07-12 20:40:31] OK: data
[2026-07-12 20:40:31] OK: logs
[2026-07-12 20:40:31] OK: backup
[2026-07-12 20:40:31] OK: reports
[2026-07-12 20:40:31] System Health Check Completed
[2026-07-12 20:51:33] Phoenix Engine Started Successfully
[2026-07-12 20:51:33] Starting System Health Check...
[2026-07-12 20:51:33] OK: data
[2026-07-12 20:51:33] OK: logs
[2026-07-12 20:51:33] OK: backup
[2026-07-12 20:51:33] OK: reports
[2026-07-12 20:51:33] System Health Check Completed
[2026-07-12 21:10:34] Phoenix Engine Started Successfully
[2026-07-12 21:10:34] Starting System Health Check...
[2026-07-12 21:10:34] OK: data
[2026-07-12 21:10:34] OK: logs
[2026-07-12 21:10:34] OK: backup
[2026-07-12 21:10:34] OK: reports
[2026-07-12 21:10:34] System Health Check Completed
[2026-07-12 22:06:13] [INFO] Phoenix Engine Started Successfully
[2026-07-12 22:06:13] [INFO] Starting System Health Check...
[2026-07-12 22:06:13] [INFO] OK: data
[2026-07-12 22:06:13] [INFO] OK: logs
[2026-07-12 22:06:13] [INFO] OK: backup
[2026-07-12 22:06:14] [INFO] OK: reports
[2026-07-12 22:06:14] [INFO] System Health Check Completed
[2026-07-12 22:06:14] [INFO] System Health Check Completed
[2026-07-13 00:40:46] [INFO] Phoenix Engine Started Successfully
[2026-07-13 00:40:46] [INFO] Starting System Health Check...
[2026-07-13 00:40:46] [INFO] OK: data
[2026-07-13 00:40:46] [INFO] OK: logs
[2026-07-13 00:40:46] [INFO] OK: backup
[2026-07-13 00:40:46] [INFO] OK: reports
[2026-07-13 00:40:46] [INFO] System Health Check Completed
[2026-07-13 00:40:46] [INFO] System Health Check Completed
[2026-07-13 00:42:32] [INFO] Phoenix Engine Started Successfully
[2026-07-13 00:42:32] [INFO] Starting System Health Check...
[2026-07-13 00:42:32] [INFO] OK: data
[2026-07-13 00:42:32] [INFO] OK: logs
[2026-07-13 00:42:32] [INFO] OK: backup
[2026-07-13 00:42:32] [INFO] OK: reports
[2026-07-13 00:42:32] [INFO] System Health Check Completed
[2026-07-13 00:42:32] [INFO] System Health Check Completed
[2026-07-13 00:47:36] [INFO] Phoenix Engine Started Successfully
[2026-07-13 00:47:36] [INFO] Starting System Health Check...
[2026-07-13 00:47:36] [INFO] OK: data
[2026-07-13 00:47:36] [INFO] OK: logs
[2026-07-13 00:47:36] [INFO] OK: backup
[2026-07-13 00:47:36] [INFO] OK: reports
[2026-07-13 00:47:36] [INFO] System Health Check Completed
[2026-07-13 00:47:36] [INFO] System Health Check Completed
[2026-07-13 01:01:27] [INFO] Phoenix Engine Started Successfully
[2026-07-13 01:01:27] [INFO] Starting System Health Check...
[2026-07-13 01:01:27] [INFO] OK: data
[2026-07-13 01:01:27] [INFO] OK: logs
[2026-07-13 01:01:27] [INFO] OK: backup
[2026-07-13 01:01:27] [INFO] OK: reports
[2026-07-13 01:01:27] [INFO] System Health Check Completed
[2026-07-13 01:01:27] [INFO] System Health Check Completed
[2026-07-13 01:06:31] [INFO] Phoenix Engine Started Successfully
[2026-07-13 01:06:31] [INFO] Starting System Health Check...
[2026-07-13 01:06:31] [INFO] OK: data
[2026-07-13 01:06:31] [INFO] OK: logs
[2026-07-13 01:06:31] [INFO] OK: backup
[2026-07-13 01:06:31] [INFO] OK: reports
[2026-07-13 01:06:31] [INFO] System Health Check Completed
[2026-07-13 01:06:31] [INFO] System Health Check Completed
[2026-07-13 01:13:56] [INFO] Phoenix Engine Started Successfully
[2026-07-13 01:13:56] [INFO] Starting System Health Check...
[2026-07-13 01:13:56] [INFO] OK: data
[2026-07-13 01:13:56] [INFO] OK: logs
[2026-07-13 01:13:56] [INFO] OK: backup
[2026-07-13 01:13:56] [INFO] OK: reports
[2026-07-13 01:13:56] [INFO] System Health Check Completed
[2026-07-13 01:13:56] [INFO] System Health Check Completed
[2026-07-13 01:36:42] [INFO] Phoenix Engine Started Successfully
[2026-07-13 01:36:42] [INFO] Starting System Health Check...
[2026-07-13 01:36:42] [INFO] OK: data
[2026-07-13 01:36:42] [INFO] OK: logs
[2026-07-13 01:36:42] [INFO] OK: backup
[2026-07-13 01:36:42] [INFO] OK: reports
[2026-07-13 01:36:42] [INFO] System Health Check Completed
[2026-07-13 01:36:42] [INFO] System Health Check Completed
[2026-07-13 01:50:20] [INFO] Phoenix Engine Started Successfully
[2026-07-13 01:50:20] [INFO] Starting System Health Check...
[2026-07-13 01:50:20] [INFO] OK: data
[2026-07-13 01:50:20] [INFO] OK: logs
[2026-07-13 01:50:20] [INFO] OK: backup
[2026-07-13 01:50:20] [INFO] OK: reports
[2026-07-13 01:50:20] [INFO] System Health Check Completed
[2026-07-13 01:50:20] [INFO] System Health Check Completed
[2026-07-13 01:59:01] [INFO] Phoenix Engine Started Successfully
[2026-07-13 01:59:01] [INFO] Starting System Health Check...
[2026-07-13 01:59:01] [INFO] OK: data
[2026-07-13 01:59:01] [INFO] OK: logs
[2026-07-13 01:59:01] [INFO] OK: backup
[2026-07-13 01:59:01] [INFO] OK: reports
[2026-07-13 01:59:01] [INFO] System Health Check Completed
[2026-07-13 01:59:01] [INFO] System Health Check Completed
[2026-07-13 02:34:33] [INFO] Phoenix Engine Started Successfully
[2026-07-13 02:34:33] [INFO] Starting System Health Check...
[2026-07-13 02:34:33] [INFO] OK: data
[2026-07-13 02:34:33] [INFO] OK: logs
[2026-07-13 02:34:33] [INFO] OK: backup
[2026-07-13 02:34:33] [INFO] OK: reports
[2026-07-13 02:34:33] [INFO] System Health Check Completed
[2026-07-13 02:34:33] [INFO] System Health Check Completed
[2026-07-13 14:45:38] [INFO] Phoenix Engine Started Successfully
[2026-07-13 14:45:38] [INFO] Starting System Health Check...
[2026-07-13 14:45:38] [INFO] OK: data
[2026-07-13 14:45:38] [INFO] OK: logs
[2026-07-13 14:45:38] [INFO] OK: backup
[2026-07-13 14:45:38] [INFO] OK: reports
[2026-07-13 14:45:38] [INFO] System Health Check Completed
[2026-07-13 14:45:38] [INFO] System Health Check Completed
[2026-07-13 17:54:59] [INFO] Phoenix Engine Started Successfully
[2026-07-13 17:54:59] [INFO] Starting System Health Check...
[2026-07-13 17:54:59] [INFO] OK: data
[2026-07-13 17:54:59] [INFO] OK: logs
[2026-07-13 17:54:59] [INFO] OK: backup
[2026-07-13 17:54:59] [INFO] OK: reports
[2026-07-13 17:54:59] [INFO] System Health Check Completed
[2026-07-13 17:54:59] [INFO] System Health Check Completed
